
running 15 tests
test difficulty::tests::lethal_intersection_is_zero_even_though_step_resets_player ... ok
test difficulty::tests::timed_hazard_only_contributes_during_its_active_phase ... ok
test difficulty::tests::perturbation_death_is_failure_even_if_later_inputs_could_recover ... ok
test difficulty::tests::route_nearer_a_static_hazard_has_lower_clearance_than_safer_route ... ok
test shaky_hand::tests::curve_keeps_other_doors_other_exits_and_timeouts_distinct ... ok
test difficulty::tests::difficulty_report_and_standalone_api_export_clearance ... ok
test solver::tests::targeted_probe_interleave_preserves_per_target_vocabularies ... ok
test solver::tests::future_state_key_tracks_timed_phase_and_exact_pickup_bits ... ok
test waypoint::tests::bounded_physically_absent_waypoint_is_never_called_unreachable ... ok
test solver::tests::direct_probe_audit_deduplicates_action_traces_and_keeps_probe_aliases ... ok
test waypoint::tests::target_requires_exact_stationary_ground_contact ... ok
test solver::tests::direct_probe_audit_keeps_hard_first_and_easy_later_witnesses ... ok
test solver::tests::buffered_wall_climb_probe_mounts_a_lip_and_records_an_exact_door_replay ... ok
test solver::tests::public_direct_probe_audit_is_repeatable_and_reports_budget_limits ... ok
test waypoint::tests::waypoint_search_is_deterministic ... ok

test result: ok. 15 passed; 0 failed; 0 ignored; 0 measured; 0 filtered out; finished in 0.30s


running 20 tests
test budget_exhaustion_is_explicitly_inconclusive ... ok
test event_digest_encoding_has_a_stable_exhaustive_golden_value ... ok
test recorded_replay_verifies_exactly ... ok
test replay_detects_transient_event_tampering_when_state_digest_matches ... ok
test shared_target_search_indexes_invalid_targets_before_exploring ... ok
test replay_reports_the_first_divergent_frame ... ok
test shared_target_search_reports_bounded_non_success_per_target ... ok
test full_width_static_room_stays_within_batch_friendly_search_effort ... ok
test solver_discards_a_candidate_on_its_first_death ... ok
test solver_vocabulary_is_loadout_specific_and_dash_macros_have_exact_edges ... ok
test door_targets_and_any_exit_distinguish_doors_from_legacy_exits ... ok
test solver_returns_a_verified_witness_for_a_toy_room ... ok
test targeted_search_rejects_undefined_and_empty_ids_before_search ... ok
test targeted_pickup_search_returns_a_pickup_witness_not_an_exit_claim ... ok
test shared_target_search_is_deterministic_and_preserves_duplicate_request_order ... ok
test exact_floor_door_search_uses_drop_through_press_and_release ... ok
test authored_baseline_route_survives_superset_ability_branching ... ok
test wall_jump_required_fixture_uses_baseline_jump_macros_only_when_enabled ... ok
test dash_required_fixture_solves_only_with_dash_loadout_and_vocabulary ... ok
test shared_target_search_matches_individual_searches_and_verifies_every_replay ... ok

test result: ok. 20 passed; 0 failed; 0 ignored; 0 measured; 0 filtered out; finished in 0.17s


running 6 tests
test batch_analysis_preserves_order_ids_and_per_case_inconclusive_results ... ok
test inconclusive_and_invalid_solutions_never_receive_a_difficulty_score ... ok
test replay_that_only_just_reaches_the_exit_is_reported_as_fragile ... ok
test difficulty_analysis_is_deterministic_down_to_trial_diagnostics ... ok
test provisional_complexity_orders_robust_timing_below_fragile_timing ... ok
test easy_replay_reports_input_counts_search_effort_and_robust_timing ... ok

test result: ok. 6 passed; 0 failed; 0 ignored; 0 measured; 0 filtered out; finished in 0.00s


running 5 tests
test evaluator_rejects_a_noncanonical_or_divergent_zero_noise_control ... ok
test recorded_study_rejects_config_or_replay_identity_tampering ... ok
test exact_zero_noise_control_supports_exit_door_and_pickup_targets ... ok
test schedules_are_versioned_seeded_reusable_and_deterministic ... ok
test robust_route_dominates_a_phase_fragile_route_under_the_same_noise_policy ... ok

test result: ok. 5 passed; 0 failed; 0 ignored; 0 measured; 0 filtered out; finished in 0.03s


running 1 test
test staged_homing_probe_composes_a_baseline_switchback_route ... ok

test result: ok. 1 passed; 0 failed; 0 ignored; 0 measured; 0 filtered out; finished in 0.22s


running 10 tests
test engine::tests::transition_lengths_are_gentle ... ok
test theory::tests::note_names_round_trip_and_c4_is_middle_c ... ok
test theory::tests::scale_pitch_walks_octaves ... ok
test theory::tests::fnv1a64_matches_reference_vectors ... ok
test theory::tests::dorian_fourth_triad_is_major ... ok
test theory::tests::xorshift_is_deterministic_and_zero_safe ... ok
test tempo::tests::gcd_and_alignment_gcd_are_exact ... ok
test theory::tests::modes_carry_their_signature_intervals ... ok
test engine::tests::respawn_plays_straight_through ... ok
test engine::tests::room_swap_waits_for_fade_out_and_gap ... ok

test result: ok. 10 passed; 0 failed; 0 ignored; 0 measured; 0 filtered out; finished in 0.01s


running 4 tests
test grid_derivation_is_total_deterministic_and_exact ... ok
test composed_tracks_reference_only_declared_voices_and_layers ... ok
test unlocked_hazards_never_get_pitched_material ... ok
test compose_twice_is_byte_identical ... ok

test result: ok. 4 passed; 0 failed; 0 ignored; 0 measured; 0 filtered out; finished in 0.03s


running 4 tests
test percussion_is_sparse_on_easy_rooms ... ok
test lead_melody_has_no_wide_leaps ... ok
test lead_downbeats_are_chord_tones ... ok
test rendered_mix_keeps_headroom ... ok

test result: ok. 4 passed; 0 failed; 0 ignored; 0 measured; 0 filtered out; finished in 0.74s


running 2 tests
test seek_restarts_in_lockstep_with_a_room_tick ... ok
test offline_render_equals_blockwise_render_at_odd_block_sizes ... ok

test result: ok. 2 passed; 0 failed; 0 ignored; 0 measured; 0 filtered out; finished in 0.26s


running 5 tests
test bed_gates_with_the_active_window ... ok
test locked_fires_are_audible_at_their_exact_ticks ... ok
test rendering_is_deterministic ... ok
test coprime_fixture_keeps_both_hazards_audible ... ok
test output_is_sane_and_loop_boundary_is_seamless ... ok

test result: ok. 5 passed; 0 failed; 0 ignored; 0 measured; 0 filtered out; finished in 0.25s


running 9 tests
test all_prime_periods_fall_back_to_difficulty_defaults ... ok
test antiphase_airlock_example_picks_100_bpm_with_larger_step ... ok
test equal_periods_with_phase_offsets_pick_the_medium_grid ... ok
test coprime_periods_partition_and_lock_the_larger_subset ... ok
test multi_period_commensurate_hazards_lock_together ... ok
test phase_driven_gcd_reduction_forces_a_32nd_grid ... ok
test single_hazard_locks_with_its_period_grid ... ok
test hazard_free_rooms_use_difficulty_defaults ... ok
test grid_offset_is_always_below_the_step ... ok

test result: ok. 9 passed; 0 failed; 0 ignored; 0 measured; 0 filtered out; finished in 0.00s


running 5 tests
test hand_tuned_flag_round_trips ... ok
test hazard_grid_revalidation_catches_broken_edits ... ok
test comments_and_blank_lines_are_ignored_and_digest_is_canonical ... ok
test parser_rejects_malformed_tracks ... ok
test composed_tracks_round_trip_exactly ... ok

test result: ok. 5 passed; 0 failed; 0 ignored; 0 measured; 0 filtered out; finished in 0.00s


running 11 tests
test corpus_playtest::tests::malformed_replay_schema_and_hash_domains_are_rejected ... ok
test corpus_playtest::tests::exact_key_wire_round_trip_preserves_base_grammar_and_loadout ... ok
test corpus_playtest::tests::runtime_replay_checksum_binds_original_frame_evidence_without_generator_metadata ... ok
test tests::action_rle_is_compact_and_strict ... ok
test tests::stable_hash_matches_curator_golden_fingerprint ... ok
test tests::checksum_detects_body_mutation_before_parsing ... ok
test tests::current_route_fairness_and_selection_policies_are_required ... ok
test tests::supported_ai_policy_versions_and_exact_configurations_are_required ... ok
test tests::pickup_matrix_must_name_every_regenerated_pickup_exactly ... ok
test tests::historical_solver_identity_is_version_bound_and_replay_supported ... ok
test tests::current_production_manifests_parse_regenerate_and_cover_policy_cells ... ok

test result: ok. 11 passed; 0 failed; 0 ignored; 0 measured; 0 filtered out; finished in 0.03s


running 77 tests
test playable_catalogue::tests::stable_hash_is_repeatable_and_sensitive_to_profile_fields ... ok
test tests::between_frame_jump_tap_emits_one_tick_for_immediate_jump_kinds ... ok
test tests::command_line_defaults_to_the_dungeon_v2_title_screen ... ok
test tests::calibrated_launch_is_seeded_locked_and_conflict_checked ... ok
test tests::challenge_launch_is_explicit_locked_and_not_a_corpus_mode ... ok
test tests::command_line_parses_decimal_hex_named_tiers_and_mode ... ok
test tests::command_line_rejects_missing_and_invalid_values ... ok
test tests::controls_explain_variable_jump_height_in_plain_language ... ok
test tests::corpus_manifest_is_explicit_and_provisional_opt_in_is_scoped ... ok
test tests::development_entry_is_an_ordinary_scrollable_row_after_curated_groups ... ok
test tests::died_and_automatic_reset_in_one_report_preserve_death_feedback ... ok
test tests::dungeon_pickup_cells_are_distinct_and_cover_the_exact_sheet ... ok
test tests::all_room_modes_construct_with_the_explicit_selected_loadout ... ok
test tests::dungeon_v2_map_layout_places_every_room_distinctly ... ok
test tests::dungeon_v2_save_playability_gates_continue ... ok
test tests::environment_cells_cover_every_rendered_landscape_feature ... ok
test tests::explicit_lab_and_dungeon_flags_skip_the_title_screen ... ok
test tests::challenge_selection_ignores_mode_and_tier_mutators ... ok
test tests::gallery_launch_is_dedicated_content_locked_and_conflict_checked ... ok
test tests::gallery_menu_navigation_is_bounded_and_empty_safe ... ok
test tests::challenge_starts_in_gameplay_with_the_content_locked_no_dash_loadout ... ok
test tests::client_starts_human_controlled_and_solve_request_can_be_cancelled ... ok
test tests::curated_level_identifiers_are_three_words_and_unique_across_profiles ... ok
test tests::held_jump_remains_variable_after_the_minimum_tap_window ... ok
test tests::human_history_path_is_explicit_and_works_with_gallery_mode ... ok
test tests::dungeon_v2_client_transitions_gates_and_persists ... ok
test tests::coin_request_explains_rooms_with_no_coin_or_multiple_coins ... ok
test tests::human_tap_and_hold_produce_distinct_stable_jump_heights ... ok
test tests::kit_tabs_are_explicit_and_left_right_cycle_all_loadouts ... ok
test tests::level_menu_scrolls_continuously_and_clamps_at_catalogue_ends ... ok
test tests::level_menu_focuses_the_current_curated_entry ... ok
test tests::low_clearance_spikes_point_into_the_actual_route_corridors ... ok
test tests::crown_goal_exit_triggers_the_victory_screen_and_keeps_the_save ... ok
test tests::default_entry_live_solves_its_coin_under_current_movement ... ok
test tests::default_showcase_live_solves_the_target_door_under_current_movement ... ok
test tests::movement_feedback_tracks_skids_wall_jumps_and_resets_as_presentation_only_state ... ok
test tests::history_recorder_ignores_a_release_after_an_attempt_boundary ... ok
test tests::gallery_starts_in_its_dedicated_browser_and_uses_content_metadata ... ok
test tests::next_level_wraps_within_the_curated_tier ... ok
test tests::only_the_selected_target_door_counts_as_a_clear ... ok
test tests::medium_challenge_has_distinct_content_target_label_and_stats ... ok
test tests::ordinary_wall_clock_tap_durations_select_the_same_low_gesture ... ok
test tests::challenge_v_installs_and_plays_each_stored_exact_witness ... ok
test tests::playback_transport_supports_pause_frame_step_completion_and_restart ... ok
test tests::player_pose_cells_cover_the_generated_sheet_without_overlap ... ok
test tests::preview_mechanics_distinguish_enabled_kit_from_verified_route_usage ... ok
test tests::provisional_diagnostics_format_robustness_without_overclaiming ... ok
test tests::human_recording_captures_actions_and_closes_the_attempt_at_reset ... ok
test tests::menu_activation_loads_the_named_selection_and_waits_for_navigation_release ... ok
test tests::raw_seed_is_an_explicit_developer_mode ... ok
test tests::release_then_repress_is_not_lost_when_no_simulation_tick_intervenes ... ok
test tests::released_tap_is_one_semantic_press_even_while_the_core_buffers_it ... ok
test tests::releasing_one_jump_alias_does_not_cut_another_held_alias ... ok
test tests::reset_events_clear_tap_state_before_the_fresh_attempt ... ok
test tests::menu_left_right_kit_selection_preserves_the_selected_level_row ... ok
test tests::movement_tuning_changes_are_persisted_even_without_a_later_attempt ... ok
test tests::subpixel_display_is_compact_and_signed ... ok
test tests::tier_and_room_mode_transitions_preserve_other_selection_fields ... ok
test tests::title_menu_hides_continue_without_a_save ... ok
test tests::title_menu_navigation_wraps_and_activates ... ok
test tests::title_new_game_requires_confirmation_only_over_an_existing_save ... ok
test tests::viewport_letterboxes_a_different_aspect_ratio ... ok
test tests::viewport_uses_largest_integer_scale_and_centres_the_room_plus_hud_canvas ... ok
test tests::wall_jump_press_is_immediate_and_release_does_not_wait_for_tap_classification ... ok
test tests::wall_slide_cue_requires_the_ability_active_slide_and_wall_contact ... ok
test tests::win_stats_line_is_bounded_for_saturated_session_counters ... ok
test tests::menu_preview_refreshes_only_when_the_exact_selection_changes ... ok
test tests::movement_tuning_is_game_wide_and_applies_at_an_attempt_boundary ... ok
test tests::persistent_history_records_raw_space_duration_and_delivered_jump_ticks ... ok
test tests::playback_rejects_tampered_transient_events_with_matching_state ... ok
test tests::replay_frames_use_the_client_simulation_step_path ... ok
test tests::session_stats_count_only_completed_human_runs_and_keep_the_fastest_clear ... ok
test tests::scenario_switch_clears_recording_boundaries_and_archives ... ok
test tests::quit_to_title_state_resets_when_a_new_session_starts ... ok
test tests::calibrated_v_installs_and_plays_every_mechanically_generated_witness ... ok
test tests::gallery_v_installs_and_plays_every_registered_exact_witness ... ok
test tests::gallery_entries_have_distinct_stats_and_reject_invalid_indices ... ok

test result: ok. 77 passed; 0 failed; 0 ignored; 0 measured; 0 filtered out; finished in 0.48s


running 27 tests
test hard_no_dash::tests::spike_faces_have_backing_and_only_the_authored_safe_pads ... ok
test hard_no_dash::tests::authored_rows_and_locked_scenario_are_exact ... ok
test generated_calibration_witnesses::tests::generated_artifact_is_complete_and_policy_bound ... ok
test calibration_gallery::tests::all_entries_have_exact_order_ids_and_content_owned_loadouts ... ok
test medium_no_dash::tests::authored_rows_and_locked_scenario_are_exact ... ok
test medium_no_dash::tests::shaft_has_three_broad_safe_bands_with_backed_spike_gaps ... ok
test hard_no_dash::tests::stored_witness_is_an_exact_no_dash_positive ... ok
test hard_no_dash::tests::stored_trace_does_not_work_when_wall_jump_is_removed ... ok
test movement_obstacle_courses::authoring::discover_course_witnesses ... ignored, authoring-only solver
test medium_no_dash::tests::traversal_has_one_wide_island_recovery_floor_and_no_ceiling_trap ... ok
test medium_no_dash::tests::stored_trace_does_not_work_when_wall_jump_is_removed ... ok
test medium_no_dash::tests::stored_witness_is_an_exact_clean_three_wall_jump_positive ... ok
test dungeon_v2::tests::the_crown_coin_gate_is_satisfiable_with_slack ... ok
test dungeon_v2::tests::the_layout_parses_and_every_door_is_wired_both_ways ... ok
test dungeon_v2::tests::collected_inventory_removes_pickups_on_rebuild ... ok
test tests::first_steps_coin_route_has_comfortable_structural_margins ... ok
test tests::first_steps_has_the_exact_authored_shape_and_objects ... ok
test tests::first_steps_has_the_exact_authored_tile_field ... ok
test movement_obstacle_courses::tests::courses_are_non_lethal_and_exact_witnesses_finish_cleanly ... ok
test dungeon_v2::tests::the_escape_gate_opens_in_the_spawn_room_only_with_the_crown ... ok
test calibrated_generator_playtest::tests::generated_playtest_artifact_exactly_replays_current_rooms ... ok
test dungeon_v2::tests::every_room_builds_and_ability_rooms_host_their_pickups ... ok
test calibration_gallery::tests::every_witness_is_clean_and_first_reaches_its_target_on_the_final_tick ... ok
test rooms_v2::tests::every_room_in_the_catalogue_builds ... ok
test movement_obstacle_courses::tests::doing_nothing_is_safe_recovery_not_death ... ok
test calibration_gallery::tests::every_witness_is_valid_under_the_current_player_movement_policy ... ok
test tests::first_steps_coin_has_a_deterministic_verified_baseline_route ... ok

test result: ok. 26 passed; 0 failed; 1 ignored; 0 measured; 0 filtered out; finished in 0.07s


running 14 tests
test representative_a3_is_frozen ... ignored, authoring-only solver
test search_a1 ... ignored, authoring-only solver
test search_a2 ... ignored, authoring-only solver
test search_a4 ... ignored, authoring-only solver
test search_a5 ... ignored, authoring-only solver
test generated_calibration_witnesses::tests::generated_artifact_is_complete_and_policy_bound ... ok
test recovery_route_lands_on_the_authored_recovery_supports ... ok
test structural_axes_are_explicit_in_the_authored_tiles ... ok
test broad_climb_contacts_are_alternating_and_make_vertical_progress ... ok
test low_clearance_route_and_spike_faces_are_structurally_consistent ... ok
test stored_traces_do_not_complete_without_wall_jump ... ok
test gallery_metadata_and_room_contracts_are_stable_and_unanchored ... ok
test exact_witnesses_are_clean_terminal_and_every_jump_press_is_accepted ... ok
test bounded_direct_probe_audit_records_capability_evidence_without_ranking ... ok

test result: ok. 9 passed; 0 failed; 5 ignored; 0 measured; 0 filtered out; finished in 0.35s


running 15 tests
test discover_and_simplify_b1_representative ... ignored, authoring-only solver
test discover_and_simplify_b2_endurance ... ignored, authoring-only solver
test discover_and_simplify_b3_no_recovery ... ignored, authoring-only solver
test discover_and_simplify_b4_landing_chain ... ignored, authoring-only solver
test discover_segmented_b2_sane_route ... ignored, authoring-only segmented solver
test discover_segmented_b4_with_alternating_climb ... ignored, authoring-only segmented solver
test simplify_b5_from_the_proven_cut_route ... ignored, authoring-only witness derivation
test b1_live_wall_assists_make_brief_taps_sufficient ... ok
test generated_calibration_witnesses::tests::generated_artifact_is_complete_and_policy_bound ... ok
test all_five_generated_wall_traces_make_strict_vertical_progress ... ok
test b5_requires_releasing_the_first_transfer_before_the_low_ceiling ... ok
test descriptors_have_stable_ids_titles_axes_and_locked_loadouts ... ok
test authored_structures_separate_the_five_intended_mechanic_axes ... ok
test all_five_witnesses_are_exact_clean_simplified_accepted_wall_routes ... ok
test bounded_baseline_and_direct_controller_audits_record_known_routes_without_ranking ... ok

test result: ok. 8 passed; 0 failed; 7 ignored; 0 measured; 0 filtered out; finished in 1.31s


running 5 tests
test discover_current_player_movement_witness ... ignored, authoring-only solver
test stored_witness_is_an_exact_clean_no_dash_completion ... ok
test full_no_dash_direct_controller_portfolio_finds_no_known_easy_route ... ok
test simplifying_the_hard_witness_does_not_erase_the_wall_jump_route ... ok
test baseline_full_search_and_finite_probes_find_no_known_bypass ... ok

test result: ok. 4 passed; 0 failed; 1 ignored; 0 measured; 0 filtered out; finished in 0.25s


running 7 tests
test discover_current_player_movement_witness ... ignored, authoring-only solver
test medium_exact_route_has_fewer_explicit_actions_than_the_hard_fixture ... ok
test medium_witness_uses_wider_contact_and_recovery_geometry_than_hard ... ok
test medium_witness_is_an_exact_clean_no_dash_wall_jump_completion ... ok
test finite_no_dash_controller_portfolio_is_recorded_without_a_difficulty_claim ... ok
test simplifying_the_medium_witness_does_not_remove_its_wall_jump_mechanic ... ok
test baseline_search_trace_and_finite_probes_find_no_known_medium_bypass ... ok

test result: ok. 6 passed; 0 failed; 1 ignored; 0 measured; 0 filtered out; finished in 0.26s


running 8 tests
test geometry::tests::extreme_rectangle_edges_and_predicates_do_not_overflow ... ok
test room::tests::accepts_clear_doors_on_each_boundary_side ... ok
test room::tests::extreme_tile_size_returns_a_dimension_error_without_overflowing ... ok
test room::tests::hazard_direction_is_explicit_tile_data ... ok
test room::tests::rejects_invalid_door_ids_sides_bounds_and_pairings ... ok
test room::tests::rejects_non_screen_sized_rooms ... ok
test room::tests::opposite_doors_match_only_at_the_same_boundary_aperture ... ok
test room::tests::rejects_unsafe_door_arrivals_and_both_timed_hazard_attachment_orders ... ok

test result: ok. 8 passed; 0 failed; 0 ignored; 0 measured; 0 filtered out; finished in 0.00s


running 49 tests
test a_locked_boundary_door_can_bounce_without_resetting_the_room ... ok
test a_low_crawl_keeps_sliding_until_the_player_can_stand ... ok
test a_touched_coin_banks_when_leaving_through_a_door ... ok
test coyote_window_has_an_exact_boundary ... ok
test dash_collision_never_penetrates_solids_and_cancels_the_blocked_axis ... ok
test a_touched_coin_banks_only_once_the_player_stands_still ... ok
test authoritative_jump_hold_window_is_observable_for_search_state ... ok
test dash_duration_is_exact_and_it_recharges_only_after_safe_ground_contact ... ok
test ability_loadout_is_explicit_hashable_and_changes_the_digest ... ok
test current_horizontal_dash_squeezes_through_one_tile_tunnels_and_expands_afterward ... ok
test dash_uses_all_eight_directions_with_fixed_integer_velocities ... ok
test a_dormant_hazard_zone_is_not_a_safe_place_to_bank ... ok
test disabled_wall_jump_and_dash_have_exact_no_op_boundaries ... ok
test door_entry_selection_is_typed_hashed_and_preserved_by_reset ... ok
test door_triggers_use_half_open_intersection_boundaries ... ok
test down_and_jump_drops_through_one_way_at_an_exact_boundary ... ok
test down_spike_top_is_its_safe_back ... ok
test downward_spike_back_is_safe_while_its_pointed_face_kills ... ok
test every_boundary_side_uses_the_exact_exit_event_contract ... ok
test every_door_field_contributes_to_room_content_identity ... ok
test gameplay_tuning_is_the_only_default_and_is_digest_bound ... ok
test falling_player_lands_exactly_without_penetration ... ok
test granting_dash_mid_run_is_additive_and_starts_charged ... ok
test hazard_causes_an_instant_deterministic_reset ... ok
test ground_coyote_and_wall_jumps_share_variable_height_physics ... ok
test human_wall_assists_remember_contact_and_commit_the_launch ... ok
test jump_buffer_fires_on_landing ... ok
test manual_restart_restores_canonical_dash_edge_state ... ok
test movement_tuning_has_direct_speed_braking_and_reversal_contracts ... ok
test one_way_platform_catches_falling_player_and_remains_stable ... ok
test one_way_platform_is_ignored_while_rising ... ok
test pickup_collects_once_per_attempt_and_restart_restores_it ... ok
test rising_wall_impact_converts_horizontal_speed_into_one_upward_carry_impulse ... ok
test pickups_bank_only_after_a_safe_landing ... ok
test room_objects_reject_invalid_data_and_change_content_identity ... ok
test side_spike_top_kills_a_player_landing_on_it ... ok
test side_spike_underside_kills_from_below ... ok
test timed_hazard_phase_boundaries_are_exact_and_death_resets_room_clock ... ok
test up_spike_underside_is_its_safe_back ... ok
test upward_spike_back_is_a_nonlethal_ceiling ... ok
test wall_carry_reflects_remembered_collision_speed_into_the_wall_jump ... ok
test wall_jump_kicks_away_from_the_contact_without_stamina ... ok
test wall_memory_directly_controls_post_contact_wall_jump_grace ... ok
test wall_slide_has_an_exact_speed_cap_and_requires_toward_intent ... ok
test vertical_spike_sides_are_obstacles_not_perches ... ok
test wall_spike_back_blocks_while_its_pointed_face_kills ... ok
test replay_is_deterministic_tick_by_tick ... ok
test replay_determinism_includes_one_way_hazards_pickups_and_room_resets ... ok
test deterministic_replay_covers_every_ability_loadout_and_dash_edge_state ... ok

test result: ok. 49 passed; 0 failed; 0 ignored; 0 measured; 0 filtered out; finished in 0.00s


running 82 tests
test calibrated_wall_jump::tests::reflection_preserves_directional_faces_and_changes_geometry ... ok
test calibrated_wall_jump::tests::traverse_spike_pairs_face_outward_instead_of_into_their_seam ... ok
test experimental::ability_edge_rewrite::tests::capability_salted_base_missions_are_rejected ... ok
test experimental::common::tests::conservative_baseline_contract_checks_horizontal_and_vertical_geometry ... ok
test experimental::ability_edge_rewrite::tests::a_direct_bypass_produces_typed_bounded_failure ... ok
test calibrated_wall_jump::tests::exact_keys_are_deterministic_and_structurally_bounded ... ok
test experimental::common::tests::conservative_baseline_contract_records_small_overlapping_drop_throughs ... ok
test experimental::common::tests::conservative_baseline_contract_rejects_solid_underside_overlap ... ok
test experimental::ability_edge_rewrite::tests::geometry_contract_is_explicitly_pending_authoritative_evidence ... ok
test experimental::ability_edge_rewrite::tests::exact_attempts_never_fall_back_or_retry ... ok
test experimental::compositional_route_cut::tests::invalid_attempt_is_typed_and_never_silently_retried ... ok
test experimental::ability_edge_rewrite::tests::single_gate_profiles_replace_one_unavoidable_directed_edge ... ok
test experimental::ability_edge_rewrite::tests::rewrites_are_deterministic_and_retain_exact_provenance ... ok
test experimental::compositional_route_cut::tests::coordinate_free_topology_is_not_seed_or_id_jitter ... ok
test experimental::compositional_route_cut::tests::derivation_uses_real_rewrites_and_connected_fork_cycles ... ok
test experimental::compositional_route_cut::tests::raw_derivations_cover_zero_one_and_multiple_cuts_and_all_port_counts ... ok
test experimental::cyclic_graph::tests::draft_contains_hazard_floor_and_both_platform_materials_across_a_batch ... ok
test experimental::compositional_route_cut::tests::exact_derivation_is_deterministic_and_attempt_invariant ... ok
test experimental::cyclic_graph::tests::generated_graphs_are_anchored_cyclic_and_baseline_conservative ... ok
test experimental::ability_edge_rewrite::tests::physical_gate_embeddings_are_exact_deterministic_constructions ... ok
test experimental::ability_edge_rewrite::tests::combined_profile_serializes_distinct_separated_gates_in_both_orders ... ok
test experimental::cyclic_graph::tests::seed_space_varies_graph_geometry_and_materials ... ok
test experimental::cyclic_graph::tests::intent_increases_typical_structural_and_hazard_complexity ... ok
test experimental::cyclic_graph::tests::ports_are_unique_connected_boundary_anchors_with_carved_apertures ... ok
test experimental::partition_route::tests::signatures_separate_graph_rhythm_and_embedding_choices ... ok
test experimental::cyclic_graph::tests::broad_seed_batch_finishes_core_room_validation ... ok
test experimental::ability_edge_rewrite::tests::fixed_seed_block_reports_graph_rewrite_coverage ... ok
test experimental::partition_route::tests::exact_key_is_deterministic_and_retry_is_bounded ... ok
test experimental::partition_route::tests::seventy_two_key_socket_inventory_is_closed_by_construction ... ok
test experimental::partition_route::tests::one_hundred_twenty_eight_seed_batch_reports_each_diversity_layer_honestly ... ok
test experimental::reachability_growth::tests::every_recorded_connection_is_conservative_and_reversible ... ok
test experimental::rhythm_weave::tests::mechanic_transfers_structurally_dominate_distinct_boundary_ports ... ok
test experimental::rhythm_weave::tests::broad_seed_batch_finishes_core_room_and_door_validation ... ok
test experimental::rhythm_weave::tests::rhythm_weave_constructs_broadly_and_retains_a_cycle ... ok
test experimental::rhythm_weave::tests::ports_are_unique_connected_boundary_anchors_with_carved_apertures ... ok
test experimental::rhythm_weave::tests::seed_space_varies_routes_and_port_topologies ... ok
test experimental::rhythm_weave::tests::wall_transfer_is_a_varied_clear_continuous_shaft ... ok
test experimental::switchback_cut::tests::every_interior_terrain_tile_is_an_authored_route_support ... ok
test experimental::switchback_cut::tests::exact_keys_regenerate_deterministically_and_keep_distinct_identity ... ok
test experimental::switchback_cut::tests::retry_identity_is_bounded_instead_of_silently_falling_back ... ok
test experimental::switchback_cut::tests::intents_construct_two_three_and_four_ports_without_hazards ... ok
test experimental::switchback_cut::tests::solid_shelf_forces_entry_to_leave_and_return_to_the_anchored_side ... ok
test experimental::terrain_constraints::tests::grounded_pier_experiment_is_deterministic_and_hazard_free ... ok
test experimental::terrain_constraints::tests::grounded_pier_explicitly_rejects_unordered_growth_graphs ... ok
test experimental::terrain_constraints::tests::broad_batch_constructs_distinct_safe_rooms ... ok
test experimental::partition_route::tests::partitions_are_terrain_only_close_the_floor_bypass_and_keep_conservative_links ... ok
test experimental::tests::every_strategy_is_deterministic_for_success_and_failure ... ok
test experimental::reachability_growth::tests::technical_intent_realizes_more_hazard_pressure ... ok
test experimental::wall_chimney_v4::tests::exact_key_rejects_stale_versions_and_out_of_range_attempts ... ok
test room_grid::tests::room_grid_round_trips_through_render_and_parse ... ok
test tests::baseline_hazard_run_keeps_a_clear_lower_arc_after_every_cluster ... ok
test tests::baseline_hazard_run_never_has_a_floor_cluster_wider_than_two_tiles ... ok
test experimental::reachability_growth::tests::intent_changes_density_and_vertical_character ... ok
test tests::baseline_seed_one_optional_cache_uses_comfortable_rises ... ok
test tests::baseline_optional_cache_routes_keep_a_full_tile_of_jump_margin ... ok
test tests::chimney_cache_route_retains_continuous_wall_jump_geometry ... ok
test tests::dash_gallery_cache_route_has_comfortable_jump_dash_height_margin ... ok
test tests::every_loadout_deterministically_selects_two_candidate_families ... ok
test tests::every_room_has_fixed_bounds_boundary_hazards_platforms_and_one_exit ... ok
test tests::optional_objects_are_supported_and_clear_of_protected_geometry ... ok
test tests::same_seed_and_loadout_are_reproducible ... ok
test tests::seeds_vary_geometry_and_cover_multiple_families ... ok
test tests::many_seeds_construct_through_room_validation ... ok
test tests::stats_match_constructed_tiles_and_loadout ... ok
test tests::spawn_is_clear_grounded_and_safe_when_idle ... ok
test experimental::compositional_route_cut::tests::sixty_four_exact_embeddings_have_a_static_expressivity_floor ... ok
test v6::tests::exact_keys_and_uncurated_selection_are_deterministic ... ok
test v6::tests::rotation_covers_every_strategy_and_intent_without_changing_seed ... ok
test experimental::compositional_route_cut::tests::fork_rewrites_have_collision_distinct_route_supports ... ok
test experimental::tests::generated_socket_inventory_has_an_opposite_mate_for_every_aperture ... ok
test v6::tests::v6_rooms_use_only_two_to_four_boundary_doors ... ok
test v6::tests::sockets_are_gridded_and_the_generated_inventory_contains_mates ... ok
test v6::tests::uncurated_selector_has_substantial_static_and_collision_diversity ... ok
test experimental::tests::every_strategy_uses_the_shared_boundary_socket_grid ... ok
test experimental::reachability_growth::tests::seed_space_produces_broad_route_and_tile_geometry ... ok
test experimental::compositional_route_cut::tests::exact_embedding_constructs_and_maps_every_mission_node ... ok
test v6::tests::feature_stages_are_deterministic_and_preserve_source_geometry ... ok
test v6::tests::feature_stages_exclude_forbidden_hazards_across_many_seeds ... ok
test experimental::compositional_route_cut::tests::realized_cuts_are_single_opening_boundary_separators ... ok
test experimental::wall_chimney_v4::tests::exact_attempt_zero_block_freezes_rejected_construction_evidence ... ok
test experimental::reachability_growth::tests::growth_builds_multi_port_cyclic_networks_across_loadouts ... ok
test experimental::compositional_route_cut::tests::fixed_256_key_pool_has_inventory_and_observed_mate_closure ... ok

test result: ok. 82 passed; 0 failed; 0 ignored; 0 measured; 0 filtered out; finished in 40.50s


running 2 tests
test static_visual_descriptor_ignores_timed_hazard_schedules ... ok
test v6_uncurated_pool_has_substantial_static_visual_diversity ... ok

test result: ok. 2 passed; 0 failed; 0 ignored; 0 measured; 0 filtered out; finished in 2.75s


running 0 tests

test result: ok. 0 passed; 0 failed; 0 ignored; 0 measured; 0 filtered out; finished in 0.00s


running 3 tests
test tests::aggregate_witness_fingerprint_covers_event_digests ... ok
test tests::aggregate_pickup_fingerprint_is_deterministic_and_event_aware ... ok
test tests::aggregate_pickup_fingerprint_covers_seed_and_pickup_id ... ok

test result: ok. 3 passed; 0 failed; 0 ignored; 0 measured; 0 filtered out; finished in 0.06s


running 3 tests
test every_room_gets_a_track_and_layer_gates_reflect_passability ... ok
test composed_corpus_matches_the_golden_digests ... ok
test checked_in_artifacts_parse_and_stay_in_sync_with_live_hazards ... ok

test result: ok. 3 passed; 0 failed; 0 ignored; 0 measured; 0 filtered out; finished in 0.02s


running 1 test
test first_steps_has_a_verified_solver_witness ... ok

test result: ok. 1 passed; 0 failed; 0 ignored; 0 measured; 0 filtered out; finished in 0.00s


running 5 tests
test slug_filter_restricts_the_run ... ok
test hand_tuned_flag_protects_even_with_matching_digest ... ok
test fresh_write_then_machine_owned_overwrite ... ok
test body_edits_protect_and_force_overrides ... ok
test check_fails_only_on_stale_machine_owned_files ... ok

test result: ok. 5 passed; 0 failed; 0 ignored; 0 measured; 0 filtered out; finished in 0.02s


running 5 tests
test music_sync_tests::coprime_periods_warn_and_report_bpm ... ok
test music_sync_tests::fully_locked_rooms_only_report_info ... ok
test recorded_search_observation_tests::recorded_search_observations_accept_one_cumulative_shared_search ... ok
test recorded_search_observation_tests::recorded_search_observations_reject_incomparable_discovery_snapshots ... ok
test recorded_search_observation_tests::recorded_search_observations_reject_forged_terminal_reason_and_stats ... ok

test result: ok. 5 passed; 0 failed; 0 ignored; 0 measured; 0 filtered out; finished in 0.00s


running 24 tests
test door_validation_requires_a_canonical_multi_door_topology ... ok
test multiple_exits_are_rejected_as_an_unsupported_targeted_search ... ok
test certifies_a_verified_owned_witness ... ok
test door_certificate_fingerprint_covers_event_stream_and_direction ... ok
test all_pickups_are_certified_independently_in_declaration_order ... ok
test pickup_witness_fingerprint_covers_event_digests ... ok
test shared_batches_preserve_canonical_first_error_semantics ... ok
test requested_provisional_band_is_enforced ... ok
test every_pickup_is_certified_from_every_door ... ok
test identical_inputs_produce_identical_certificates_and_fingerprints ... ok
test sole_non_required_exit_is_a_typed_wrong_exit ... ok
test stale_metadata_and_loadout_are_rejected_before_search ... ok
test undefined_pickup_is_rejected_before_bounded_search ... ok
test witness_fingerprint_covers_each_frame_event_digest ... ok
test all_ordered_door_pairs_are_certified_in_canonical_order ... ok
test shared_multi_door_search_uses_fewer_simulated_ticks_than_individual_searches ... ok
test route_evidence_is_canonical_deterministic_and_supports_all_four_loadouts ... ok
test sealed_required_exit_remains_typed_inconclusive ... ok
test baseline_seed_one_optional_cache_has_a_verified_pickup_witness ... ok
test route_evidence_retains_mixed_positive_and_bounded_inconclusive_results ... ok
test shared_pickup_search_is_deterministic_and_semantically_matches_individual_certification ... ok
test route_evidence_matches_the_strict_success_batch_without_difficulty_work ... ok
test shared_door_search_is_deterministic_and_semantically_matches_individual_certification ... ok
test combined_door_target_batch_matches_specialized_batches_exactly ... ok

test result: ok. 24 passed; 0 failed; 0 ignored; 0 measured; 0 filtered out; finished in 1.44s


running 0 tests

test result: ok. 0 passed; 0 failed; 0 ignored; 0 measured; 0 filtered out; finished in 0.00s


running 0 tests

test result: ok. 0 passed; 0 failed; 0 ignored; 0 measured; 0 filtered out; finished in 0.00s


running 0 tests

test result: ok. 0 passed; 0 failed; 0 ignored; 0 measured; 0 filtered out; finished in 0.00s


running 0 tests

test result: ok. 0 passed; 0 failed; 0 ignored; 0 measured; 0 filtered out; finished in 0.00s


running 0 tests

test result: ok. 0 passed; 0 failed; 0 ignored; 0 measured; 0 filtered out; finished in 0.00s


running 0 tests

test result: ok. 0 passed; 0 failed; 0 ignored; 0 measured; 0 filtered out; finished in 0.00s


running 0 tests

test result: ok. 0 passed; 0 failed; 0 ignored; 0 measured; 0 filtered out; finished in 0.00s


running 0 tests

test result: ok. 0 passed; 0 failed; 0 ignored; 0 measured; 0 filtered out; finished in 0.00s

